// Jest Snapshot v1, https://goo.gl/fbAQLP

exports[`Renders properly 1`] = `
<div
  className="container"
>
  <div
    className="button"
    onClick={[Function]}
  >
    <FontAwesome
      name="arrow-left"
    />
    <div
      className="text"
    >
      Go back
    </div>
  </div>
</div>
`;
