// Jest Snapshot v1, https://goo.gl/fbAQLP

exports[`Renders properly 1`] = `
<div
  className="averageBox"
>
  10
</div>
`;
