// Jest Snapshot v1, https://goo.gl/fbAQLP

exports[`Renders properly 1`] = `
<button
  className="button btnPrimary"
  disabled={false}
  onClick={[MockFunction]}
  type="button"
>
  Test button
</button>
`;
